[Expert@BeasleyMDM01:0]# history
    1  gougex
    2  list
    3  list scripts
    4  list scripts/Session_Cleanup/
    5  cat scripts/Session_Cleanup/remove_zerolocks_web_api_sessions.sh
    6  mgmt_cli -r true show sessions details-level full --format json | jq -r '.objects[] | select((."user-name"=="WEB_API")) | (.uid + ", " + (.locks|tostring) + ", " + (.changes|tostring) + ", " + (."expired-session"|tostring) + ", " + ."user-name")'
    7  mgmt_cli -r true domain Global show sessions details-level full --format json | jq -r '.objects[] | select((."user-name"=="WEB_API")) | (.uid + ", " + (.locks|tostring) + ", " + (.changes|tostring) + ", " + (."expired-session"|tostring) + ", " + ."user-name")'
    8  mgmt_cli -r true -d "Global" show sessions details-level full --format json | jq -r '.objects[] | select((."user-name"=="WEB_API")) | (.uid + ", " + (.locks|tostring) + ", " + (.changes|tostring) + ", " + (."expired-session"|tostring) + ", " + ."user-name")'
    9  mgmt_cli -r true -d "Global" show sessions details-level full --format json | jq -r '.objects[] | (.uid + ", " + (.locks|tostring) + ", " + (.changes|tostring) + ", " + (."expired-session"|tostring) + ", " + ."user-name")'
   10  mgmt_cli -r true -d "System-Domain" show sessions details-level full --format json | jq -r '.objects[] | (.uid + ", " + (.locks|tostring) + ", " + (.changes|tostring) + ", " + (."expired-session"|tostring) + ", " + ."user-name")'
   11  mgmt_cli -r true -d "System Data" show sessions details-level full --format json | jq -r '.objects[] | (.uid + ", " + (.locks|tostring) + ", " + (.changes|tostring) + ", " + (."expired-session"|tostring) + ", " + ."user-name")'
   12  mgmt_cli -r true -d "System Data" show sessions details-level standard --format json
   13  mgmt_cli -r true -d "System Data" --port 4434 show sessions details-level standard --format json
   14  mgmt_cli -r true -d "System Data" --port 4434 show sessions details-level full --format json | jq -r '.objects[] | (.uid + ", " + (.locks|tostring) + ", " + (.changes|tostring) + ", " + (."expired-session"|tostring) + ", " + ."user-name")'
   15  mgmt_cli -r true domain "System Data" --port 4434 show sessions details-level full --format json | jq -r '.objects[] | (.uid + ", " + (.locks|tostring) + ", " + (.changes|tostring) + ", " + (."expired-session"|tostring) + ", " + ."user-name")'
   16  mgmt_cli -r true -d "System Data" --port 4434 show sessions details-level full --format json | jq -r '.objects[] | (.uid + ", " + (.locks|tostring) + ", " + (.changes|tostring) + ", " + (."expired-session"|tostring) + ", " + ."user-name")'
   17  mgmt_cli -r true -d "Global" --port 4434 show sessions details-level full --format json | jq -r '.objects[] | (.uid + ", " + (.locks|tostring) + ", " + (.changes|tostring) + ", " + (."expired-session"|tostring) + ", " + ."user-name")'
   18  history
[Expert@BeasleyMDM01:0]#


[Expert@BeasleyMDM01:0]# mgmt_cli -r true show sessions details-level full --format json | jq -r '.objects[] | select((."user-name"=="WEB_API")) | (.uid + ", " + (.locks|tostring) + ", " + (.changes|tostring) + ", " + (."expired-session"|tostring) + ", " + ."user-name")'
parse error: Invalid numeric literal at line 1, column 9
Logout failed
[Expert@BeasleyMDM01:0]# mgmt_cli -r true domain Global show sessions details-level full --format json | jq -r '.objects[] | select((."user-name"=="WEB_API")) | (.uid + ", " + (.locks|tostring) + ", " + (.changes|tostring) + ", " + (."expired-session"|tostring) + ", " + ."user-name")'
Error: The parameters of domain command should be provided in pairs (key and value). You have provided an odd number of parameters which suggests that you are probably missing a parameter.
[Expert@BeasleyMDM01:0]# mgmt_cli -r true -d "Global" show sessions details-level full --format json | jq -r '.objects[] | select((."user-name"=="WEB_API")) | (.uid + ", " + (.locks|tostring) + ", " + (.changes|tostring) + ", " + (."expired-session"|tostring) + ", " + ."user-name")'
parse error: Invalid numeric literal at line 1, column 9
Logout failed
[Expert@BeasleyMDM01:0]# mgmt_cli -r true -d "Global" show sessions details-level full --format json | jq -r '.objects[] | (.uid + ", " + (.locks|tostring) + ", " + (.changes|tostring) + ", " + (."expired-session"|tostring) + ", " + ."user-name")'
parse error: Invalid numeric literal at line 1, column 9
Logout failed
[Expert@BeasleyMDM01:0]# mgmt_cli -r true -d "System-Domain" show sessions details-level full --format json | jq -r '.objects[] | (.uid + ", " + (.locks|tostring) + ", " + (.changes|tostring) + ", " + (."expired-session"|tostring) + ", " + ."user-name")'
Error: Failed to login to the management server
[Expert@BeasleyMDM01:0]# mgmt_cli -r true -d "System Data" show sessions details-level full --format json | jq -r '.objects[] | (.uid + ", " + (.locks|tostring) + ", " + (.changes|tostring) + ", " + (."expired-session"|tostring) + ", " + ."user-name")'
parse error: Invalid numeric literal at line 1, column 9
Logout failed
[Expert@BeasleyMDM01:0]# mgmt_cli -r true -d "System Data" show sessions details-level standard --format json
Couldn't connect to server
If you need to use a proxy server, add the '--proxy' parameter
Logout failed
[Expert@BeasleyMDM01:0]# mgmt_cli -r true -d "System Data" --port 4434 show sessions details-level standard --format json
{
  "objects" : [ {
    "uid" : "f6c1cd32-8755-4785-a5a1-efd06b72a079",
    "type" : "session",
    "domain" : {
      "uid" : "a0eebc99-afed-4ef8-bb6d-fedfedfedfed",
      "name" : "System Data",
      "domain-type" : "mds"
    }
  }, {
    "uid" : "461eedbf-455d-4064-8c44-4f347178dc95",
    "type" : "session",
    "domain" : {
      "uid" : "a0eebc99-afed-4ef8-bb6d-fedfedfedfed",
      "name" : "System Data",
      "domain-type" : "mds"
    }
  }, {
    "uid" : "a247a2f0-8a8e-4e6e-8ca1-89f23068c421",
    "type" : "session",
    "domain" : {
      "uid" : "a0eebc99-afed-4ef8-bb6d-fedfedfedfed",
      "name" : "System Data",
      "domain-type" : "mds"
    }
  }, {
    "uid" : "a3c4700b-732d-4c1f-ba8d-7d07c16cee1b",
    "type" : "session",
    "domain" : {
      "uid" : "a0eebc99-afed-4ef8-bb6d-fedfedfedfed",
      "name" : "System Data",
      "domain-type" : "mds"
    }
  }, {
    "uid" : "b4f281f2-fc3f-4dd0-9988-dc2ec34b8667",
    "type" : "session",
    "domain" : {
      "uid" : "a0eebc99-afed-4ef8-bb6d-fedfedfedfed",
      "name" : "System Data",
      "domain-type" : "mds"
    }
  }, {
    "uid" : "31e7249b-15ba-4ddf-9b7d-34fae08eef50",
    "type" : "session",
    "domain" : {
      "uid" : "a0eebc99-afed-4ef8-bb6d-fedfedfedfed",
      "name" : "System Data",
      "domain-type" : "mds"
    }
  }, {
    "uid" : "eccd05be-8e39-4c8b-adb8-0d58445aa151",
    "type" : "session",
    "domain" : {
      "uid" : "a0eebc99-afed-4ef8-bb6d-fedfedfedfed",
      "name" : "System Data",
      "domain-type" : "mds"
    }
  }, {
    "uid" : "56468f5d-6c5f-4085-8644-1ebad290e1fe",
    "type" : "session",
    "domain" : {
      "uid" : "a0eebc99-afed-4ef8-bb6d-fedfedfedfed",
      "name" : "System Data",
      "domain-type" : "mds"
    }
  }, {
    "uid" : "e61391bb-6523-4c28-b449-aff77f79ae2f",
    "type" : "session",
    "domain" : {
      "uid" : "a0eebc99-afed-4ef8-bb6d-fedfedfedfed",
      "name" : "System Data",
      "domain-type" : "mds"
    }
  }, {
    "uid" : "0bb94233-ddbe-4c01-acd8-5f4fa51509b1",
    "type" : "session",
    "domain" : {
      "uid" : "a0eebc99-afed-4ef8-bb6d-fedfedfedfed",
      "name" : "System Data",
      "domain-type" : "mds"
    }
  }, {
    "uid" : "0d6a05e1-c4b4-4101-99b4-395a1901d368",
    "type" : "session",
    "domain" : {
      "uid" : "a0eebc99-afed-4ef8-bb6d-fedfedfedfed",
      "name" : "System Data",
      "domain-type" : "mds"
    }
  }, {
    "uid" : "03e7ab84-f9a7-4352-afda-4556ec6f1908",
    "type" : "session",
    "domain" : {
      "uid" : "a0eebc99-afed-4ef8-bb6d-fedfedfedfed",
      "name" : "System Data",
      "domain-type" : "mds"
    }
  }, {
    "uid" : "fa4e8088-6fdd-46fb-9ceb-afad5053538c",
    "type" : "session",
    "domain" : {
      "uid" : "a0eebc99-afed-4ef8-bb6d-fedfedfedfed",
      "name" : "System Data",
      "domain-type" : "mds"
    }
  }, {
    "uid" : "62ff6b39-1e1a-4cc5-9517-d5d094cd17ec",
    "type" : "session",
    "domain" : {
      "uid" : "a0eebc99-afed-4ef8-bb6d-fedfedfedfed",
      "name" : "System Data",
      "domain-type" : "mds"
    }
  } ],
  "from" : 1,
  "to" : 14,
  "total" : 14
}
[Expert@BeasleyMDM01:0]# mgmt_cli -r true -d "System Data" --port 4434 show sessions details-level full --format json | jq -r '.objects[] | (.uid + ", " + (.locks|tostring) + ", " + (.changes|tostring) + ", " + (."expired-session"|tostring) + ", " + ."user-name")'
25e92848-da86-4897-8519-42e73a915d2d, 0, 0, false, WEB_API
461eedbf-455d-4064-8c44-4f347178dc95, 0, 0, false, WEB_API
a247a2f0-8a8e-4e6e-8ca1-89f23068c421, 0, 0, false, WEB_API
a3c4700b-732d-4c1f-ba8d-7d07c16cee1b, 0, 0, false, WEB_API
b4f281f2-fc3f-4dd0-9988-dc2ec34b8667, 0, 0, true, WEB_API
31e7249b-15ba-4ddf-9b7d-34fae08eef50, 0, 0, true, WEB_API
eccd05be-8e39-4c8b-adb8-0d58445aa151, 0, 0, true, WEB_API
56468f5d-6c5f-4085-8644-1ebad290e1fe, 0, 0, true, WEB_API
e61391bb-6523-4c28-b449-aff77f79ae2f, 0, 0, true, WEB_API
0bb94233-ddbe-4c01-acd8-5f4fa51509b1, 0, 0, true, WEB_API
0d6a05e1-c4b4-4101-99b4-395a1901d368, 0, 0, true, WEB_API
03e7ab84-f9a7-4352-afda-4556ec6f1908, 0, 0, true, WEB_API
fa4e8088-6fdd-46fb-9ceb-afad5053538c, 0, 0, true, WEB_API
62ff6b39-1e1a-4cc5-9517-d5d094cd17ec, 0, 0, true, WEB_API
[Expert@BeasleyMDM01:0]# mgmt_cli -r true domain "System Data" --port 4434 show sessions details-level full --format json | jq -r '.objects[] | (.uid + ", " + (.locks|tostring) + ", " + (.changes|tostring) + ", " + (."expired-session"|tostring) + ", " + ."user-name")'
Error: The parameters of domain command should be provided in pairs (key and value). You have provided an odd number of parameters which suggests that you are probably missing a parameter.
[Expert@BeasleyMDM01:0]# mgmt_cli -r true -d "System Data" --port 4434 show sessions details-level full --format json | jq -r '.objects[] | (.uid + ", " + (.locks|tostring) + ", " + (.changes|tostring) + ", " + (."expired-session"|tostring) + ", " + ."user-name")'
af8f5859-f124-4d33-9b05-0a80c83d1f81, 0, 0, false, WEB_API
461eedbf-455d-4064-8c44-4f347178dc95, 0, 0, false, WEB_API
a247a2f0-8a8e-4e6e-8ca1-89f23068c421, 0, 0, false, WEB_API
a3c4700b-732d-4c1f-ba8d-7d07c16cee1b, 0, 0, false, WEB_API
b4f281f2-fc3f-4dd0-9988-dc2ec34b8667, 0, 0, true, WEB_API
31e7249b-15ba-4ddf-9b7d-34fae08eef50, 0, 0, true, WEB_API
eccd05be-8e39-4c8b-adb8-0d58445aa151, 0, 0, true, WEB_API
56468f5d-6c5f-4085-8644-1ebad290e1fe, 0, 0, true, WEB_API
e61391bb-6523-4c28-b449-aff77f79ae2f, 0, 0, true, WEB_API
0bb94233-ddbe-4c01-acd8-5f4fa51509b1, 0, 0, true, WEB_API
0d6a05e1-c4b4-4101-99b4-395a1901d368, 0, 0, true, WEB_API
03e7ab84-f9a7-4352-afda-4556ec6f1908, 0, 0, true, WEB_API
fa4e8088-6fdd-46fb-9ceb-afad5053538c, 0, 0, true, WEB_API
62ff6b39-1e1a-4cc5-9517-d5d094cd17ec, 0, 0, true, WEB_API
[Expert@BeasleyMDM01:0]# mgmt_cli -r true -d "Global" --port 4434 show sessions details-level full --format json | jq -r '.objects[] | (.uid + ", " + (.locks|tostring) + ", " + (.changes|tostring) + ", " + (."expired-session"|tostring) + ", " + ."user-name")'
33b1db6a-3edc-4d09-a0a3-d8d54b347c6b, 0, 0, false, WEB_API
1524562c-a713-4a6a-81e9-5083766574aa, 0, 0, false, WEB_API
00b4119b-1401-4928-a7fb-24c964ea6727, 0, 0, false, WEB_API
e9b58857-9a85-42b8-a772-42c9a8aad0db, 0, 0, true, administrator
6caf2339-7d89-4575-adf3-f0bc187e6e01, 0, 0, true, administrator
93fda6ff-9944-4899-b0f5-f5ea04f5e987, 0, 0, true, administrator
5ef54fa7-a5c0-4931-9f30-509f7eed5b18, 0, 0, true, administrator
cb94dcda-98c8-43e4-901d-9b1ab5519540, 0, 0, true, administrator
256f9820-9ca2-4bcd-9157-bf335360aecb, 0, 0, true, administrator
7f0b3755-2c78-4e90-b2bc-e0ea634604a6, 0, 0, true, administrator
adb4b2fc-0133-4477-a5c7-15a4defd11e2, 0, 0, true, administrator
[Expert@BeasleyMDM01:0]#
[Expert@BeasleyMDM01:0]#
